2025-12-10 14:46:42,644 - INFO - === softHertz调试工具打包脚本 V2.0 ===
2025-12-10 14:46:42,645 - INFO - 发布日期: 2025-10-01
2025-12-10 14:47:09,317 - INFO - === softHertz调试工具打包脚本 V2.0 ===
2025-12-10 14:47:09,318 - INFO - 发布日期: 2025-10-01
2025-12-10 14:47:09,589 - INFO - PyInstaller版本: 6.14.1
2025-12-10 14:47:09,590 - INFO - 开始清理旧的构建文件...
2025-12-10 14:47:09,591 - INFO - 删除构建目录: D:\1-project_upper\1.softHertz_upper\softHertz_upper\build
2025-12-10 14:47:09,605 - INFO - 删除输出目录: D:\1-project_upper\1.softHertz_upper\softHertz_upper\dist
2025-12-10 14:47:09,606 - INFO - 删除spec文件: D:\1-project_upper\1.softHertz_upper\softHertz_upper\softHertz调试工具.spec
2025-12-10 14:47:09,614 - INFO - 清理完成
2025-12-10 14:47:09,616 - INFO - 执行打包命令: C:\Users\徐亚彬\AppData\Local\Programs\Python\Python313\python.exe -m PyInstaller --onefile --windowed --name softHertz调试工具 --icon D:\1-project_upper\1.softHertz_upper\softHertz_upper\code\soft_hertz_logo_deepspace_blue_512.ico --add-data D:\1-project_upper\1.softHertz_upper\softHertz_upper\code\soft_hertz_logo_deepspace_blue_512.png;. --distpath D:\1-project_upper\1.softHertz_upper\softHertz_upper\dist --workpath D:\1-project_upper\1.softHertz_upper\softHertz_upper\build --version-file D:\1-project_upper\1.softHertz_upper\softHertz_upper\version_info.txt --exclude-module matplotlib --exclude-module numpy --exclude-module pandas --exclude-module tkinter --exclude-module wx --exclude-module unittest --exclude-module doctest --exclude-module email --exclude-module smtplib --exclude-module imaplib --exclude-module sqlite3 --exclude-module psycopg2 --exclude-module mysql D:\1-project_upper\1.softHertz_upper\softHertz_upper\code\app.py
2025-12-10 14:47:09,618 - INFO - 开始打包 softHertz调试工具 V2.0...
2025-12-10 14:47:27,917 - ERROR - 打包失败! 耗时: 18.30秒
2025-12-10 14:47:27,917 - ERROR - 错误代码: 1
2025-12-10 14:47:27,918 - ERROR - ❌ 打包失败!
2025-12-10 14:50:29,814 - INFO - === softHertz调试工具打包脚本 V2.0 ===
2025-12-10 14:50:29,815 - INFO - 发布日期: 2025-10-01
2025-12-10 14:50:30,057 - INFO - ✓ PyInstaller>=6.0.0 已安装
2025-12-10 14:50:30,062 - INFO - ✓ PyQt5>=5.15.0 已安装
2025-12-10 14:50:30,413 - INFO - ✓ pyqtgraph>=0.13.0 已安装
2025-12-10 14:50:30,415 - WARNING - ✗ pyserial>=3.5 未安装
2025-12-10 14:50:30,415 - ERROR - 缺少必要的依赖，请先安装:
2025-12-10 14:50:30,416 - ERROR -   - pyserial>=3.5
2025-12-10 14:51:41,958 - INFO - === softHertz调试工具打包脚本 V2.0 ===
2025-12-10 14:51:41,958 - INFO - 发布日期: 2025-10-01
2025-12-10 14:51:42,214 - INFO - ✓ PyInstaller>=6.0.0 已安装
2025-12-10 14:51:42,221 - INFO - ✓ PyQt5>=5.15.0 已安装
2025-12-10 14:51:42,589 - INFO - ✓ pyqtgraph>=0.13.0 已安装
2025-12-10 14:51:42,590 - WARNING - ✗ pyserial>=3.5 未安装
2025-12-10 14:51:42,590 - INFO - 开始自动安装缺失的依赖...
2025-12-10 14:51:42,590 - INFO - 正在安装 pyserial>=3.5...
2025-12-10 14:51:44,401 - INFO - 成功安装 pyserial>=3.5
2025-12-10 14:51:44,401 - INFO - 所有依赖安装完成
2025-12-10 14:51:44,402 - INFO - 开始清理旧的构建文件...
2025-12-10 14:51:44,402 - INFO - 删除构建目录: D:\1-project_upper\1.softHertz_upper\softHertz_upper\build
2025-12-10 14:51:44,403 - INFO - 删除输出目录: D:\1-project_upper\1.softHertz_upper\softHertz_upper\dist
2025-12-10 14:51:44,404 - INFO - 删除spec文件: D:\1-project_upper\1.softHertz_upper\softHertz_upper\softHertz调试工具.spec
2025-12-10 14:51:44,405 - INFO - 清理完成
2025-12-10 14:51:44,406 - INFO - 执行打包命令: C:\Users\徐亚彬\AppData\Local\Programs\Python\Python313\python.exe -m PyInstaller --onedir --name softHertz调试工具 --icon D:\1-project_upper\1.softHertz_upper\softHertz_upper\code\soft_hertz_logo_deepspace_blue_512.ico --add-data D:\1-project_upper\1.softHertz_upper\softHertz_upper\code\soft_hertz_logo_deepspace_blue_512.png;. --distpath D:\1-project_upper\1.softHertz_upper\softHertz_upper\dist --workpath D:\1-project_upper\1.softHertz_upper\softHertz_upper\build --version-file D:\1-project_upper\1.softHertz_upper\softHertz_upper\version_info.txt --exclude-module matplotlib --exclude-module numpy --exclude-module pandas --exclude-module tkinter --exclude-module wx --exclude-module unittest --exclude-module doctest --exclude-module email --exclude-module smtplib --exclude-module imaplib --exclude-module sqlite3 --exclude-module psycopg2 --exclude-module mysql D:\1-project_upper\1.softHertz_upper\softHertz_upper\code\app.py
2025-12-10 14:51:44,407 - INFO - 开始打包 softHertz调试工具 V2.0...
2025-12-10 14:51:55,834 - ERROR - 打包失败! 耗时: 11.43秒
2025-12-10 14:51:55,834 - ERROR - 错误代码: 1
2025-12-10 14:51:55,835 - ERROR - ❌ 打包失败!
2025-12-10 14:52:24,496 - INFO - === softHertz调试工具打包脚本 V2.0 ===
2025-12-10 14:52:24,496 - INFO - 发布日期: 2025-10-01
2025-12-10 14:52:24,761 - INFO - ✓ PyInstaller>=6.0.0 已安装
2025-12-10 14:52:24,769 - INFO - ✓ PyQt5>=5.15.0 已安装
2025-12-10 14:52:25,184 - INFO - ✓ pyqtgraph>=0.13.0 已安装
2025-12-10 14:52:25,185 - WARNING - ✗ pyserial>=3.5 未安装
2025-12-10 14:52:25,185 - INFO - 开始自动安装缺失的依赖...
2025-12-10 14:52:25,186 - INFO - 正在安装 pyserial>=3.5...
2025-12-10 14:52:27,052 - INFO - 成功安装 pyserial>=3.5
2025-12-10 14:52:27,052 - INFO - 所有依赖安装完成
2025-12-10 14:52:27,053 - INFO - 开始清理旧的构建文件...
2025-12-10 14:52:27,053 - INFO - 删除构建目录: D:\1-project_upper\1.softHertz_upper\softHertz_upper\build
2025-12-10 14:52:27,054 - INFO - 删除输出目录: D:\1-project_upper\1.softHertz_upper\softHertz_upper\dist
2025-12-10 14:52:27,055 - INFO - 删除spec文件: D:\1-project_upper\1.softHertz_upper\softHertz_upper\softHertz调试工具.spec
2025-12-10 14:52:27,056 - INFO - 清理完成
2025-12-10 14:52:27,058 - INFO - 执行打包命令: C:\Users\徐亚彬\AppData\Local\Programs\Python\Python313\python.exe -m PyInstaller --onedir --name softHertz调试工具 --icon D:\1-project_upper\1.softHertz_upper\softHertz_upper\code\soft_hertz_logo_deepspace_blue_512.ico --add-data D:\1-project_upper\1.softHertz_upper\softHertz_upper\code\soft_hertz_logo_deepspace_blue_512.png;. --distpath D:\1-project_upper\1.softHertz_upper\softHertz_upper\dist --workpath D:\1-project_upper\1.softHertz_upper\softHertz_upper\build --version-file D:\1-project_upper\1.softHertz_upper\softHertz_upper\version_info.txt --exclude-module matplotlib --exclude-module numpy --exclude-module pandas --exclude-module tkinter --exclude-module wx --exclude-module unittest --exclude-module doctest --exclude-module email --exclude-module smtplib --exclude-module imaplib --exclude-module sqlite3 --exclude-module psycopg2 --exclude-module mysql D:\1-project_upper\1.softHertz_upper\softHertz_upper\code\app.py
2025-12-10 14:52:27,060 - INFO - 开始打包 softHertz调试工具 V2.0...
2025-12-10 14:52:37,871 - ERROR - 打包失败! 耗时: 10.81秒
2025-12-10 14:52:37,871 - ERROR - 错误代码: 1
2025-12-10 14:52:37,873 - ERROR - ❌ 打包失败!
2025-12-10 14:54:59,371 - INFO - === softHertz调试工具打包脚本 V2.0 ===
2025-12-10 14:54:59,372 - INFO - 发布日期: 2025-10-01
2025-12-10 14:54:59,567 - INFO - ✓ PyInstaller>=6.0.0 已安装
2025-12-10 14:54:59,571 - INFO - ✓ PyQt5>=5.15.0 已安装
2025-12-10 14:54:59,899 - INFO - ✓ pyqtgraph>=0.13.0 已安装
2025-12-10 14:54:59,900 - WARNING - ✗ pyserial>=3.5 未安装
2025-12-10 14:54:59,901 - INFO - 开始自动安装缺失的依赖...
2025-12-10 14:54:59,901 - INFO - 正在安装 pyserial>=3.5...
2025-12-10 14:55:01,759 - INFO - 成功安装 pyserial>=3.5
2025-12-10 14:55:01,760 - INFO - 所有依赖安装完成
2025-12-10 14:55:01,760 - INFO - 开始清理旧的构建文件...
2025-12-10 14:55:01,761 - INFO - 删除构建目录: D:\1-project_upper\1.softHertz_upper\softHertz_upper\build
2025-12-10 14:55:01,762 - INFO - 删除输出目录: D:\1-project_upper\1.softHertz_upper\softHertz_upper\dist
2025-12-10 14:55:01,763 - INFO - 删除spec文件: D:\1-project_upper\1.softHertz_upper\softHertz_upper\softHertz调试工具.spec
2025-12-10 14:55:01,764 - INFO - 清理完成
2025-12-10 14:55:01,765 - INFO - 执行打包命令: C:\Users\徐亚彬\AppData\Local\Programs\Python\Python313\python.exe -m PyInstaller --onedir --windowed --name softHertz调试工具 --icon D:\1-project_upper\1.softHertz_upper\softHertz_upper\code\soft_hertz_logo_deepspace_blue_512.ico --add-data D:\1-project_upper\1.softHertz_upper\softHertz_upper\code\soft_hertz_logo_deepspace_blue_512.png;. --distpath D:\1-project_upper\1.softHertz_upper\softHertz_upper\dist --workpath D:\1-project_upper\1.softHertz_upper\softHertz_upper\build --version-file D:\1-project_upper\1.softHertz_upper\softHertz_upper\version_info.txt --exclude-module matplotlib --exclude-module numpy --exclude-module pandas --exclude-module tkinter --exclude-module wx --exclude-module unittest --exclude-module doctest --exclude-module email --exclude-module smtplib --exclude-module imaplib --exclude-module sqlite3 --exclude-module psycopg2 --exclude-module mysql D:\1-project_upper\1.softHertz_upper\softHertz_upper\code\app.py
2025-12-10 14:55:01,767 - INFO - 开始打包 softHertz调试工具 V2.0...
2025-12-10 14:55:12,995 - ERROR - 打包失败! 耗时: 11.23秒
2025-12-10 14:55:12,996 - ERROR - 错误代码: 1
2025-12-10 14:55:12,996 - ERROR - 错误信息: 346 INFO: PyInstaller: 6.14.1, contrib hooks: 2025.5
347 INFO: Python: 3.13.5
412 INFO: Platform: Windows-10-10.0.19045-SP0
413 INFO: Python environment: C:\Users\ÐìÑÇ±ò\AppData\Local\Programs\Python\Python313
414 INFO: wrote D:\1-project_upper\1.softHertz_upper\softHertz_upper\softHertzµ÷ÊÔ¹¤¾ß.spec
446 INFO: Module search paths (PYTHONPATH):
['D:\\1-project_upper\\1.softHertz_upper\\softHertz_upper',
 'C:\\Users\\ÐìÑÇ±ò\\AppData\\Local\\Programs\\Python\\Python313\\python313.zip',
 'C:\\Users\\ÐìÑÇ±ò\\AppData\\Local\\Programs\\Python\\Python313\\DLLs',
 'C:\\Users\\ÐìÑÇ±ò\\AppData\\Local\\Programs\\Python\\Python313\\Lib',
 'C:\\Users\\ÐìÑÇ±ò\\AppData\\Local\\Programs\\Python\\Python313',
 'C:\\Users\\ÐìÑÇ±ò\\AppData\\Local\\Programs\\Python\\Python313\\Lib\\site-packages',
 'C:\\Users\\ÐìÑÇ±ò\\AppData\\Local\\Programs\\Python\\Python313\\Lib\\site-packages\\setuptools\\_vendor',
 'D:\\1-project_upper\\1.softHertz_upper\\softHertz_upper\\code']
1253 INFO: Appending 'datas' from .spec...
2025-12-10 14:55:12,999 - ERROR - ❌ 打包失败!
2025-12-10 14:57:12,181 - INFO - === softHertz调试工具打包脚本 V2.0 ===
2025-12-10 14:57:12,182 - INFO - 发布日期: 2025-10-01
2025-12-10 14:57:12,356 - INFO - ✓ PyInstaller>=6.0.0 已安装
2025-12-10 14:57:12,359 - INFO - ✓ PyQt5>=5.15.0 已安装
2025-12-10 14:57:12,730 - INFO - ✓ pyqtgraph>=0.13.0 已安装
2025-12-10 14:57:12,731 - WARNING - ✗ pyserial>=3.5 未安装
2025-12-10 14:57:12,731 - ERROR - 缺少必要的依赖，请先安装:
2025-12-10 14:57:12,731 - ERROR -   - pyserial>=3.5
2025-12-10 14:59:32,294 - INFO - === softHertz调试工具打包脚本 V2.0 ===
2025-12-10 14:59:32,294 - INFO - 发布日期: 2025-10-01
2025-12-10 14:59:32,473 - INFO - ✓ PyInstaller>=6.0.0 已安装
2025-12-10 14:59:32,476 - INFO - ✓ PyQt5>=5.15.0 已安装
2025-12-10 14:59:32,811 - INFO - ✓ pyqtgraph>=0.13.0 已安装
2025-12-10 14:59:32,812 - WARNING - ✗ pyserial>=3.5 未安装
2025-12-10 14:59:32,812 - INFO - 开始自动安装缺失的依赖...
2025-12-10 14:59:32,812 - INFO - 正在安装 pyserial>=3.5...
2025-12-10 14:59:34,745 - INFO - 成功安装 pyserial>=3.5
2025-12-10 14:59:34,745 - INFO - 所有依赖安装完成
2025-12-10 14:59:34,746 - INFO - 开始清理旧的构建文件...
2025-12-10 14:59:34,746 - INFO - 删除构建目录: D:\1-project_upper\1.softHertz_upper\softHertz_upper\build
2025-12-10 14:59:34,748 - INFO - 删除输出目录: D:\1-project_upper\1.softHertz_upper\softHertz_upper\dist
2025-12-10 14:59:34,749 - INFO - 删除spec文件: D:\1-project_upper\1.softHertz_upper\softHertz_upper\softHertz调试工具.spec
2025-12-10 14:59:34,749 - INFO - 清理完成
2025-12-10 14:59:34,751 - INFO - 添加PyQt5插件路径: C:\Users\徐亚彬\AppData\Local\Programs\Python\Python313\Lib\site-packages\PyQt5\Qt5\plugins
2025-12-10 14:59:34,751 - INFO - 执行打包命令: C:\Users\徐亚彬\AppData\Local\Programs\Python\Python313\python.exe -m PyInstaller --onedir --name softHertz调试工具 --icon D:\1-project_upper\1.softHertz_upper\softHertz_upper\code\soft_hertz_logo_deepspace_blue_512.ico --add-data D:\1-project_upper\1.softHertz_upper\softHertz_upper\code\soft_hertz_logo_deepspace_blue_512.png;. --distpath D:\1-project_upper\1.softHertz_upper\softHertz_upper\dist --workpath D:\1-project_upper\1.softHertz_upper\softHertz_upper\build --version-file D:\1-project_upper\1.softHertz_upper\softHertz_upper\version_info.txt --add-data C:\Users\徐亚彬\AppData\Local\Programs\Python\Python313\Lib\site-packages\PyQt5\Qt5\plugins;PyQt5/Qt5/plugins --exclude-module matplotlib --exclude-module numpy --exclude-module pandas --exclude-module tkinter --exclude-module wx --exclude-module unittest --exclude-module doctest --exclude-module email --exclude-module smtplib --exclude-module imaplib --exclude-module sqlite3 --exclude-module psycopg2 --exclude-module mysql --exclude-module pywin32_bootstrap --hidden-import serial --hidden-import PyQt5.QtCore --hidden-import PyQt5.QtGui --hidden-import PyQt5.QtWidgets --hidden-import PyQt5.QtNetwork --hidden-import PyQt5.QtWebEngineWidgets --hidden-import pyqtgraph D:\1-project_upper\1.softHertz_upper\softHertz_upper\code\app.py
2025-12-10 14:59:34,752 - INFO - 开始打包 softHertz调试工具 V2.0...
2025-12-10 14:59:45,774 - ERROR - 打包失败! 耗时: 11.02秒
2025-12-10 14:59:45,774 - ERROR - 错误代码: 1
2025-12-10 14:59:45,775 - ERROR - 错误信息: 338 INFO: PyInstaller: 6.14.1, contrib hooks: 2025.5
339 INFO: Python: 3.13.5
410 INFO: Platform: Windows-10-10.0.19045-SP0
410 INFO: Python environment: C:\Users\ÐìÑÇ±ò\AppData\Local\Programs\Python\Python313
411 INFO: wrote D:\1-project_upper\1.softHertz_upper\softHertz_upper\softHertzµ÷ÊÔ¹¤¾ß.spec
441 INFO: Module search paths (PYTHONPATH):
['D:\\1-project_upper\\1.softHertz_upper\\softHertz_upper',
 'C:\\Users\\ÐìÑÇ±ò\\AppData\\Local\\Programs\\Python\\Python313\\python313.zip',
 'C:\\Users\\ÐìÑÇ±ò\\AppData\\Local\\Programs\\Python\\Python313\\DLLs',
 'C:\\Users\\ÐìÑÇ±ò\\AppData\\Local\\Programs\\Python\\Python313\\Lib',
 'C:\\Users\\ÐìÑÇ±ò\\AppData\\Local\\Programs\\Python\\Python313',
 'C:\\Users\\ÐìÑÇ±ò\\AppData\\Local\\Programs\\Python\\Python313\\Lib\\site-packages',
 'C:\\Users\\ÐìÑÇ±ò\\AppData\\Local\\Programs\\Python\\Python313\\Lib\\site-packages\\setuptools\\_vendor',
 'D:\\1-project_upper\\1.softHertz_upper\\softHertz_upper\\code']
1166 INFO: Appending 'datas' from .spec...
2025-12-10 14:59:45,777 - ERROR - ❌ 打包失败!
2025-12-10 15:04:33,585 - INFO - === softHertz调试工具打包脚本 V2.0 ===
2025-12-10 15:04:33,585 - INFO - 发布日期: 2025-10-01
2025-12-10 15:04:33,775 - INFO - ✓ PyInstaller>=6.0.0 已安装
2025-12-10 15:04:33,778 - INFO - ✓ PyQt5>=5.15.0 已安装
2025-12-10 15:04:34,098 - INFO - ✓ pyqtgraph>=0.13.0 已安装
2025-12-10 15:04:34,104 - INFO - ✓ pyserial>=3.5 已安装
2025-12-10 15:04:34,105 - INFO - 开始清理旧的构建文件...
2025-12-10 15:04:34,105 - INFO - 删除构建目录: D:\1-project_upper\1.softHertz_upper\softHertz_upper\build
2025-12-10 15:04:34,105 - INFO - 删除输出目录: D:\1-project_upper\1.softHertz_upper\softHertz_upper\dist
2025-12-10 15:04:34,107 - INFO - 清理完成
2025-12-10 15:04:34,108 - INFO - 添加PyQt5插件路径: C:\Users\徐亚彬\AppData\Local\Programs\Python\Python313\Lib\site-packages\PyQt5\Qt5\plugins
2025-12-10 15:04:34,108 - INFO - 执行打包命令: C:\Users\徐亚彬\AppData\Local\Programs\Python\Python313\python.exe -m PyInstaller --onedir --name softHertzDebugTool --icon D:\1-project_upper\1.softHertz_upper\softHertz_upper\code\soft_hertz_logo_deepspace_blue_512.ico --add-data D:\1-project_upper\1.softHertz_upper\softHertz_upper\code\soft_hertz_logo_deepspace_blue_512.png;. --distpath D:\1-project_upper\1.softHertz_upper\softHertz_upper\dist --workpath D:\1-project_upper\1.softHertz_upper\softHertz_upper\build --version-file D:\1-project_upper\1.softHertz_upper\softHertz_upper\version_info.txt --add-data C:\Users\徐亚彬\AppData\Local\Programs\Python\Python313\Lib\site-packages\PyQt5\Qt5\plugins;PyQt5/Qt5/plugins --exclude-module matplotlib --exclude-module numpy --exclude-module pandas --exclude-module tkinter --exclude-module wx --exclude-module unittest --exclude-module doctest --exclude-module email --exclude-module smtplib --exclude-module imaplib --exclude-module sqlite3 --exclude-module psycopg2 --exclude-module mysql --exclude-module pywin32_bootstrap --hidden-import serial --hidden-import PyQt5.QtCore --hidden-import PyQt5.QtGui --hidden-import PyQt5.QtWidgets --hidden-import PyQt5.QtNetwork --hidden-import PyQt5.QtWebEngineWidgets --hidden-import pyqtgraph D:\1-project_upper\1.softHertz_upper\softHertz_upper\code\app.py
2025-12-10 15:04:34,111 - INFO - 开始打包 softHertzDebugTool V2.0...
2025-12-10 15:04:45,758 - ERROR - 打包失败! 耗时: 11.65秒
2025-12-10 15:04:45,759 - ERROR - 错误代码: 1
2025-12-10 15:04:45,759 - ERROR - 错误信息: 318 INFO: PyInstaller: 6.14.1, contrib hooks: 2025.5
319 INFO: Python: 3.13.5
380 INFO: Platform: Windows-10-10.0.19045-SP0
380 INFO: Python environment: C:\Users\ÐìÑÇ±ò\AppData\Local\Programs\Python\Python313
382 INFO: wrote D:\1-project_upper\1.softHertz_upper\softHertz_upper\softHertzDebugTool.spec
409 INFO: Module search paths (PYTHONPATH):
['D:\\1-project_upper\\1.softHertz_upper\\softHertz_upper',
 'C:\\Users\\ÐìÑÇ±ò\\AppData\\Local\\Programs\\Python\\Python313\\python313.zip',
 'C:\\Users\\ÐìÑÇ±ò\\AppData\\Local\\Programs\\Python\\Python313\\DLLs',
 'C:\\Users\\ÐìÑÇ±ò\\AppData\\Local\\Programs\\Python\\Python313\\Lib',
 'C:\\Users\\ÐìÑÇ±ò\\AppData\\Local\\Programs\\Python\\Python313',
 'C:\\Users\\ÐìÑÇ±ò\\AppData\\Local\\Programs\\Python\\Python313\\Lib\\site-packages',
 'C:\\Users\\ÐìÑÇ±ò\\AppData\\Local\\Programs\\Python\\Python313\\Lib\\site-packages\\setuptools\\_vendor',
 'D:\\1-project_upper\\1.softHertz_upper\\softHertz_upper\\code']
1133 INFO: Appending 'datas' from .spe...
2025-12-10 15:04:45,762 - ERROR - ❌ 打包失败!
2025-12-10 15:07:04,977 - INFO - === softHertz调试工具打包脚本 V2.0 ===
2025-12-10 15:07:04,977 - INFO - 发布日期: 2025-10-01
2025-12-10 15:07:05,232 - INFO - ✓ PyInstaller>=6.0.0 已安装
2025-12-10 15:07:05,239 - INFO - ✓ PyQt5>=5.15.0 已安装
2025-12-10 15:07:05,562 - INFO - ✓ pyqtgraph>=0.13.0 已安装
2025-12-10 15:07:05,568 - INFO - ✓ pyserial>=3.5 已安装
2025-12-10 15:07:05,569 - INFO - 开始清理旧的构建文件...
2025-12-10 15:07:05,569 - INFO - 删除构建目录: D:\1-project_upper\1.softHertz_upper\softHertz_upper\build
2025-12-10 15:07:05,571 - INFO - 删除输出目录: D:\1-project_upper\1.softHertz_upper\softHertz_upper\dist
2025-12-10 15:07:05,572 - INFO - 删除spec文件: D:\1-project_upper\1.softHertz_upper\softHertz_upper\softHertzDebugTool.spec
2025-12-10 15:07:05,573 - INFO - 清理完成
2025-12-10 15:07:05,573 - INFO - 执行打包命令: C:\Users\徐亚彬\AppData\Local\Programs\Python\Python313\python.exe -m PyInstaller --onedir --name softHertzDebugTool --icon D:\1-project_upper\1.softHertz_upper\softHertz_upper\code\soft_hertz_logo_deepspace_blue_512.ico --add-data D:\1-project_upper\1.softHertz_upper\softHertz_upper\code\soft_hertz_logo_deepspace_blue_512.png;. --distpath D:\1-project_upper\1.softHertz_upper\softHertz_upper\dist --workpath D:\1-project_upper\1.softHertz_upper\softHertz_upper\build --exclude-module matplotlib --exclude-module numpy --exclude-module pandas --exclude-module tkinter --exclude-module wx --hidden-import serial --hidden-import PyQt5.QtCore --hidden-import PyQt5.QtGui --hidden-import PyQt5.QtWidgets --hidden-import pyqtgraph D:\1-project_upper\1.softHertz_upper\softHertz_upper\code\app.py
2025-12-10 15:07:05,575 - INFO - 开始打包 softHertzDebugTool V2.0...
2025-12-10 15:07:18,894 - ERROR - 打包失败! 耗时: 13.32秒
2025-12-10 15:07:18,894 - ERROR - 错误代码: 1
2025-12-10 15:07:18,895 - ERROR - 错误信息: 354 INFO: PyInstaller: 6.14.1, contrib hooks: 2025.5
355 INFO: Python: 3.13.5
389 INFO: Platform: Windows-10-10.0.19045-SP0
390 INFO: Python environment: C:\Users\ÐìÑÇ±ò\AppData\Local\Programs\Python\Python313
390 INFO: wrote D:\1-project_upper\1.softHertz_upper\softHertz_upper\softHertzDebugTool.spec
406 INFO: Module search paths (PYTHONPATH):
['D:\\1-project_upper\\1.softHertz_upper\\softHertz_upper',
 'C:\\Users\\ÐìÑÇ±ò\\AppData\\Local\\Programs\\Python\\Python313\\python313.zip',
 'C:\\Users\\ÐìÑÇ±ò\\AppData\\Local\\Programs\\Python\\Python313\\DLLs',
 'C:\\Users\\ÐìÑÇ±ò\\AppData\\Local\\Programs\\Python\\Python313\\Lib',
 'C:\\Users\\ÐìÑÇ±ò\\AppData\\Local\\Programs\\Python\\Python313',
 'C:\\Users\\ÐìÑÇ±ò\\AppData\\Local\\Programs\\Python\\Python313\\Lib\\site-packages',
 'C:\\Users\\ÐìÑÇ±ò\\AppData\\Local\\Programs\\Python\\Python313\\Lib\\site-packages\\setuptools\\_vendor',
 'D:\\1-project_upper\\1.softHertz_upper\\softHertz_upper\\code']
1126 INFO: Appending 'datas' from .spe...
2025-12-10 15:07:18,898 - ERROR - ❌ 打包失败!
2025-12-10 15:14:52,818 - INFO - === softHertz调试工具打包脚本 V2.0 ===
2025-12-10 15:14:52,818 - INFO - 发布日期: 2025-10-01
2025-12-10 15:14:53,028 - INFO - ✓ PyInstaller>=6.0.0 已安装
2025-12-10 15:14:53,031 - INFO - ✓ PyQt5>=5.15.0 已安装
2025-12-10 15:14:53,369 - INFO - ✓ pyqtgraph>=0.13.0 已安装
2025-12-10 15:14:53,378 - INFO - ✓ pyserial>=3.5 已安装
2025-12-10 15:14:53,379 - INFO - 开始清理旧的构建文件...
2025-12-10 15:14:53,379 - INFO - 删除构建目录: D:\1-project_upper\1.softHertz_upper\softHertz_upper\build
2025-12-10 15:14:53,380 - INFO - 删除输出目录: D:\1-project_upper\1.softHertz_upper\softHertz_upper\dist
2025-12-10 15:14:53,381 - INFO - 删除spec文件: D:\1-project_upper\1.softHertz_upper\softHertz_upper\softHertzDebugTool.spec
2025-12-10 15:14:53,382 - INFO - 清理完成
2025-12-10 15:14:53,383 - INFO - 执行打包命令: C:\Users\徐亚彬\AppData\Local\Programs\Python\Python313\python.exe -m PyInstaller --onefile --windowed --name softHertzDebugTool --icon D:\1-project_upper\1.softHertz_upper\softHertz_upper\code\soft_hertz_logo_deepspace_blue_512.ico --add-data D:\1-project_upper\1.softHertz_upper\softHertz_upper\code\soft_hertz_logo_deepspace_blue_512.png;. --distpath D:\1-project_upper\1.softHertz_upper\softHertz_upper\dist --workpath D:\1-project_upper\1.softHertz_upper\softHertz_upper\build --exclude-module matplotlib --exclude-module numpy --exclude-module pandas --exclude-module tkinter --exclude-module wx --hidden-import serial --hidden-import PyQt5.QtCore --hidden-import PyQt5.QtGui --hidden-import PyQt5.QtWidgets --hidden-import pyqtgraph D:\1-project_upper\1.softHertz_upper\softHertz_upper\code\app.py
2025-12-10 15:14:53,385 - INFO - 开始打包 softHertzDebugTool V2.0...
2025-12-10 15:15:05,052 - ERROR - 打包失败! 耗时: 11.67秒
2025-12-10 15:15:05,053 - ERROR - 错误代码: 1
2025-12-10 15:15:05,053 - ERROR - 错误信息: 322 INFO: PyInstaller: 6.14.1, contrib hooks: 2025.5
322 INFO: Python: 3.13.5
375 INFO: Platform: Windows-10-10.0.19045-SP0
375 INFO: Python environment: C:\Users\ÐìÑÇ±ò\AppData\Local\Programs\Python\Python313
376 INFO: wrote D:\1-project_upper\1.softHertz_upper\softHertz_upper\softHertzDebugTool.spec
400 INFO: Module search paths (PYTHONPATH):
['D:\\1-project_upper\\1.softHertz_upper\\softHertz_upper',
 'C:\\Users\\ÐìÑÇ±ò\\AppData\\Local\\Programs\\Python\\Python313\\python313.zip',
 'C:\\Users\\ÐìÑÇ±ò\\AppData\\Local\\Programs\\Python\\Python313\\DLLs',
 'C:\\Users\\ÐìÑÇ±ò\\AppData\\Local\\Programs\\Python\\Python313\\Lib',
 'C:\\Users\\ÐìÑÇ±ò\\AppData\\Local\\Programs\\Python\\Python313',
 'C:\\Users\\ÐìÑÇ±ò\\AppData\\Local\\Programs\\Python\\Python313\\Lib\\site-packages',
 'C:\\Users\\ÐìÑÇ±ò\\AppData\\Local\\Programs\\Python\\Python313\\Lib\\site-packages\\setuptools\\_vendor',
 'D:\\1-project_upper\\1.softHertz_upper\\softHertz_upper\\code']
1159 INFO: Appending 'datas' from .spe...
2025-12-10 15:15:05,056 - ERROR - ❌ 打包失败!
2025-12-10 15:19:39,479 - INFO - === softHertz调试工具打包脚本 V2.0 ===
2025-12-10 15:19:39,480 - INFO - 发布日期: 2025-10-01
2025-12-10 15:19:39,701 - INFO - ✓ PyInstaller>=6.0.0 已安装
2025-12-10 15:19:39,706 - INFO - ✓ PyQt5>=5.15.0 已安装
2025-12-10 15:19:40,007 - INFO - ✓ pyqtgraph>=0.13.0 已安装
2025-12-10 15:19:40,013 - INFO - ✓ pyserial>=3.5 已安装
2025-12-10 15:19:40,014 - INFO - 开始清理旧的构建文件...
2025-12-10 15:19:40,014 - INFO - 删除构建目录: D:\1-project_upper\1.softHertz_upper\softHertz_upper\build
2025-12-10 15:19:40,016 - INFO - 删除输出目录: D:\1-project_upper\1.softHertz_upper\softHertz_upper\dist
2025-12-10 15:19:40,017 - INFO - 删除spec文件: D:\1-project_upper\1.softHertz_upper\softHertz_upper\softHertzDebugTool.spec
2025-12-10 15:19:40,018 - INFO - 清理完成
2025-12-10 15:19:40,018 - INFO - PyQt5安装路径: C:\Users\徐亚彬\AppData\Local\Programs\Python\Python313\Lib\site-packages\PyQt5
2025-12-10 15:19:40,019 - INFO - 添加Qt插件路径: C:\Users\徐亚彬\AppData\Local\Programs\Python\Python313\Lib\site-packages\PyQt5\Qt5\plugins
2025-12-10 15:19:40,020 - INFO - 执行打包命令: C:\Users\徐亚彬\AppData\Local\Programs\Python\Python313\python.exe -m PyInstaller --onefile --windowed --name softHertzDebugTool --icon D:\1-project_upper\1.softHertz_upper\softHertz_upper\code\soft_hertz_logo_deepspace_blue_512.ico --add-data D:\1-project_upper\1.softHertz_upper\softHertz_upper\code\soft_hertz_logo_deepspace_blue_512.png;. --distpath D:\1-project_upper\1.softHertz_upper\softHertz_upper\dist --workpath D:\1-project_upper\1.softHertz_upper\softHertz_upper\build --paths C:\Users\徐亚彬\AppData\Local\Programs\Python\Python313\Lib\site-packages\PyQt5\Qt5 --exclude-module matplotlib --exclude-module numpy --exclude-module pandas --exclude-module tkinter --exclude-module wx --hidden-import serial --hidden-import PyQt5.QtCore --hidden-import PyQt5.QtGui --hidden-import PyQt5.QtWidgets --hidden-import pyqtgraph D:\1-project_upper\1.softHertz_upper\softHertz_upper\code\app.py
2025-12-10 15:19:40,022 - INFO - 开始打包 softHertzDebugTool V2.0...
2025-12-10 15:19:51,672 - ERROR - 打包失败! 耗时: 11.65秒
2025-12-10 15:19:51,673 - ERROR - 错误代码: 1
2025-12-10 15:19:51,673 - ERROR - 错误信息: 337 INFO: PyInstaller: 6.14.1, contrib hooks: 2025.5
338 INFO: Python: 3.13.5
399 INFO: Platform: Windows-10-10.0.19045-SP0
399 INFO: Python environment: C:\Users\ÐìÑÇ±ò\AppData\Local\Programs\Python\Python313
400 INFO: wrote D:\1-project_upper\1.softHertz_upper\softHertz_upper\softHertzDebugTool.spec
424 INFO: Module search paths (PYTHONPATH):
['D:\\1-project_upper\\1.softHertz_upper\\softHertz_upper',
 'C:\\Users\\ÐìÑÇ±ò\\AppData\\Local\\Programs\\Python\\Python313\\python313.zip',
 'C:\\Users\\ÐìÑÇ±ò\\AppData\\Local\\Programs\\Python\\Python313\\DLLs',
 'C:\\Users\\ÐìÑÇ±ò\\AppData\\Local\\Programs\\Python\\Python313\\Lib',
 'C:\\Users\\ÐìÑÇ±ò\\AppData\\Local\\Programs\\Python\\Python313',
 'C:\\Users\\ÐìÑÇ±ò\\AppData\\Local\\Programs\\Python\\Python313\\Lib\\site-packages',
 'C:\\Users\\ÐìÑÇ±ò\\AppData\\Local\\Programs\\Python\\Python313\\Lib\\site-packages\\setuptools\\_vendor',
 'D:\\1-project_upper\\1.softHertz_upper\\softHertz_upper\\code',
 'C:\\Users\\ÐìÑÇ±ò\\AppData\\Local\\P...
2025-12-10 15:19:51,674 - ERROR - ❌ 打包失败!
2025-12-10 15:21:22,864 - INFO - === softHertz调试工具打包脚本 V2.0 ===
2025-12-10 15:21:22,865 - INFO - 发布日期: 2025-10-01
2025-12-10 15:21:23,144 - INFO - ✓ PyInstaller>=6.0.0 已安装
2025-12-10 15:21:23,149 - INFO - ✓ PyQt5>=5.15.0 已安装
2025-12-10 15:21:23,491 - INFO - ✓ pyqtgraph>=0.13.0 已安装
2025-12-10 15:21:23,504 - INFO - ✓ pyserial>=3.5 已安装
2025-12-10 15:21:23,504 - INFO - 开始清理旧的构建文件...
2025-12-10 15:21:23,505 - INFO - 删除构建目录: D:\1-project_upper\1.softHertz_upper\softHertz_upper\build
2025-12-10 15:21:23,506 - INFO - 删除输出目录: D:\1-project_upper\1.softHertz_upper\softHertz_upper\dist
2025-12-10 15:21:23,507 - INFO - 删除spec文件: D:\1-project_upper\1.softHertz_upper\softHertz_upper\softHertzDebugTool.spec
2025-12-10 15:21:23,508 - INFO - 清理完成
2025-12-10 15:21:23,509 - INFO - PyQt5安装路径: C:\Users\徐亚彬\AppData\Local\Programs\Python\Python313\Lib\site-packages\PyQt5
2025-12-10 15:21:23,509 - INFO - 添加Qt插件路径: C:\Users\徐亚彬\AppData\Local\Programs\Python\Python313\Lib\site-packages\PyQt5\Qt5\plugins
2025-12-10 15:21:23,510 - INFO - 执行打包命令: C:\Users\徐亚彬\AppData\Local\Programs\Python\Python313\python.exe -m PyInstaller --onefile --windowed --name softHertzDebugTool --icon D:\1-project_upper\1.softHertz_upper\softHertz_upper\code\soft_hertz_logo_deepspace_blue_512.ico --add-data D:\1-project_upper\1.softHertz_upper\softHertz_upper\code\soft_hertz_logo_deepspace_blue_512.png;. --distpath D:\1-project_upper\1.softHertz_upper\softHertz_upper\dist --workpath D:\1-project_upper\1.softHertz_upper\softHertz_upper\build --paths C:\Users\徐亚彬\AppData\Local\Programs\Python\Python313\Lib\site-packages\PyQt5\Qt5 --exclude-module matplotlib --exclude-module numpy --exclude-module pandas --exclude-module tkinter --exclude-module wx --hidden-import serial --hidden-import PyQt5.QtCore --hidden-import PyQt5.QtGui --hidden-import PyQt5.QtWidgets --hidden-import pyqtgraph D:\1-project_upper\1.softHertz_upper\softHertz_upper\code\app.py
2025-12-10 15:21:23,511 - INFO - 开始打包 softHertzDebugTool V2.0...
2025-12-10 15:21:35,529 - ERROR - 打包失败! 耗时: 12.02秒
2025-12-10 15:21:35,529 - ERROR - 错误代码: 1
2025-12-10 15:21:35,529 - ERROR - 错误信息: 372 INFO: PyInstaller: 6.14.1, contrib hooks: 2025.5
373 INFO: Python: 3.13.5
430 INFO: Platform: Windows-10-10.0.19045-SP0
431 INFO: Python environment: C:\Users\å¾äºå½¬\AppData\Local\Programs\Python\Python313
432 INFO: wrote D:\1-project_upper\1.softHertz_upper\softHertz_upper\softHertzDebugTool.spec
443 INFO: Module search paths (PYTHONPATH):
['D:\\1-project_upper\\1.softHertz_upper\\softHertz_upper',
 'C:\\Users\\å¾äºå½¬\\AppData\\Local\\Programs\\Python\\Python313\\python313.zip',
 'C:\\Users\\å¾äºå½¬\\AppData\\Local\\Programs\\Python\\Python313\\DLLs',
 'C:\\Users\\å¾äºå½¬\\AppData\\Local\\Programs\\Python\\Python313\\Lib',
 'C:\\Users\\å¾äºå½¬\\AppData\\Local\\Programs\\Python\\Python313',
 'C:\\Users\\å¾äºå½¬\\AppData\\Local\\Programs\\Python\\Python313\\Lib\\site-packages',
 'C:\\Users\\å¾äºå½¬\\AppData\\Local\\Programs\\Python\\Python313\\Lib\\site-packages\\setuptools\\_vendor',
 'D:\\1-project_upper\\1.softHertz_upper\\softHertz_upper\\code',
 'C:\\Users\\å¾ä...
2025-12-10 15:21:35,533 - ERROR - ❌ 打包失败!
2025-12-10 15:26:43,981 - INFO - === softHertz调试工具打包脚本 V2.0 ===
2025-12-10 15:26:43,981 - INFO - 发布日期: 2025-10-01
2025-12-10 15:26:44,175 - INFO - ✓ PyInstaller>=6.0.0 已安装
2025-12-10 15:26:44,178 - INFO - ✓ PyQt5>=5.15.0 已安装
2025-12-10 15:26:44,509 - INFO - ✓ pyqtgraph>=0.13.0 已安装
2025-12-10 15:26:44,516 - INFO - ✓ pyserial>=3.5 已安装
2025-12-10 15:26:44,517 - INFO - 开始清理旧的构建文件...
2025-12-10 15:26:44,517 - INFO - 删除构建目录: D:\1-project_upper\1.softHertz_upper\softHertz_upper\build
2025-12-10 15:26:44,517 - INFO - 删除输出目录: D:\1-project_upper\1.softHertz_upper\softHertz_upper\dist
2025-12-10 15:26:44,518 - INFO - 删除spec文件: D:\1-project_upper\1.softHertz_upper\softHertz_upper\softHertzDebugTool.spec
2025-12-10 15:26:44,518 - INFO - 清理完成
2025-12-10 15:26:44,519 - INFO - PyQt5安装路径: C:\Users\徐亚彬\AppData\Local\Programs\Python\Python313\Lib\site-packages\PyQt5
2025-12-10 15:26:44,519 - INFO - 执行打包命令: C:\Users\徐亚彬\AppData\Local\Programs\Python\Python313\python.exe -m PyInstaller --disable-windowed-traceback --log-level=DEBUG --onedir --windowed --name softHertzDebugTool --icon D:\1-project_upper\1.softHertz_upper\softHertz_upper\code\soft_hertz_logo_deepspace_blue_512.ico --add-data D:\1-project_upper\1.softHertz_upper\softHertz_upper\code\soft_hertz_logo_deepspace_blue_512.png;. --distpath D:\1-project_upper\1.softHertz_upper\softHertz_upper\dist --workpath D:\1-project_upper\1.softHertz_upper\softHertz_upper\build --exclude-module matplotlib --exclude-module numpy --exclude-module pandas --exclude-module tkinter --exclude-module wx --hidden-import serial --hidden-import PyQt5.QtCore --hidden-import PyQt5.QtGui --hidden-import PyQt5.QtWidgets --hidden-import pyqtgraph --runtime-hook hook_qt5_plugins.py D:\1-project_upper\1.softHertz_upper\softHertz_upper\code\app.py
2025-12-10 15:26:44,520 - INFO - 开始打包 softHertzDebugTool V2.0...
2025-12-10 15:26:57,165 - ERROR - 打包失败! 耗时: 12.65秒
2025-12-10 15:26:57,165 - ERROR - 错误代码: 1
2025-12-10 15:26:57,166 - ERROR - 错误信息: 370 INFO: PyInstaller: 6.14.1, contrib hooks: 2025.5
371 INFO: Python: 3.13.5
488 INFO: Platform: Windows-10-10.0.19045-SP0
488 INFO: Python environment: C:\Users\å¾äºå½¬\AppData\Local\Programs\Python\Python313
490 INFO: wrote D:\1-project_upper\1.softHertz_upper\softHertz_upper\softHertzDebugTool.spec
492 DEBUG: Testing UPX availability ...
499 DEBUG: UPX is not available.
512 DEBUG: script: D:\1-project_upper\1.softHertz_upper\softHertz_upper\code\app.py
513 INFO: Module search paths (PYTHONPATH):
['D:\\1-project_upper\\1.softHertz_upper\\softHertz_upper',
 'C:\\Users\\å¾äºå½¬\\AppData\\Local\\Programs\\Python\\Python313\\python313.zip',
 'C:\\Users\\å¾äºå½¬\\AppData\\Local\\Programs\\Python\\Python313\\DLLs',
 'C:\\Users\\å¾äºå½¬\\AppData\\Local\\Programs\\Python\\Python313\\Lib',
 'C:\\Users\\å¾äºå½¬\\AppData\\Local\\Programs\\Python\\Python313',
 'C:\\Users\\å¾äºå½¬\\AppData\\Local\\Programs\\Python\\Python313\\Lib\\site-packages',
 'C:\\Users\\å¾äºå½¬\\AppData\\Loca...
2025-12-10 15:26:57,168 - ERROR - ❌ 打包失败!
2025-12-10 15:28:20,685 - INFO - === softHertz调试工具打包脚本 V2.0 ===
2025-12-10 15:28:20,686 - INFO - 发布日期: 2025-10-01
2025-12-10 15:28:20,865 - INFO - ✓ PyInstaller>=6.0.0 已安装
2025-12-10 15:28:20,868 - INFO - ✓ PyQt5>=5.15.0 已安装
2025-12-10 15:28:21,218 - INFO - ✓ pyqtgraph>=0.13.0 已安装
2025-12-10 15:28:21,226 - INFO - ✓ pyserial>=3.5 已安装
2025-12-10 15:28:21,227 - INFO - 开始清理旧的构建文件...
2025-12-10 15:28:21,227 - INFO - 删除构建目录: D:\1-project_upper\1.softHertz_upper\softHertz_upper\build
2025-12-10 15:28:21,228 - INFO - 删除输出目录: D:\1-project_upper\1.softHertz_upper\softHertz_upper\dist
2025-12-10 15:28:21,229 - INFO - 删除spec文件: D:\1-project_upper\1.softHertz_upper\softHertz_upper\softHertzDebugTool.spec
2025-12-10 15:28:21,230 - INFO - 清理完成
2025-12-10 15:28:21,230 - INFO - 执行打包命令: C:\Users\徐亚彬\AppData\Local\Programs\Python\Python313\python.exe -m PyInstaller --noconfirm --onedir --windowed --name softHertzDebugTool --icon D:\1-project_upper\1.softHertz_upper\softHertz_upper\code\soft_hertz_logo_deepspace_blue_512.ico --add-data D:\1-project_upper\1.softHertz_upper\softHertz_upper\code\soft_hertz_logo_deepspace_blue_512.png;. --distpath D:\1-project_upper\1.softHertz_upper\softHertz_upper\dist --workpath D:\1-project_upper\1.softHertz_upper\softHertz_upper\build --no-hooks-dir --hidden-import serial --hidden-import PyQt5.QtCore --hidden-import PyQt5.QtGui --hidden-import PyQt5.QtWidgets --hidden-import pyqtgraph --hidden-import PyQt5.sip --hidden-import PyQt5.QtPrintSupport --hidden-import PyQt5.QtNetwork D:\1-project_upper\1.softHertz_upper\softHertz_upper\code\app.py
2025-12-10 15:28:21,232 - INFO - 开始打包 softHertzDebugTool V2.0...
2025-12-10 15:28:21,865 - ERROR - 打包失败! 耗时: 0.63秒
2025-12-10 15:28:21,865 - ERROR - 错误代码: 2
2025-12-10 15:28:21,866 - ERROR - 错误信息: usage: pyinstaller [-h] [-v] [-D] [-F] [--specpath DIR] [-n NAME]
                   [--contents-directory CONTENTS_DIRECTORY]
                   [--add-data SOURCE:DEST] [--add-binary SOURCE:DEST]
                   [-p DIR] [--hidden-import MODULENAME]
                   [--collect-submodules MODULENAME]
                   [--collect-data MODULENAME] [--collect-binaries MODULENAME]
                   [--collect-all MODULENAME] [--copy-metadata PACKAGENAME]
                   [--recursive-copy-metadata PACKAGENAME]
                   [--additional-hooks-dir HOOKSPATH]
                   [--runtime-hook RUNTIME_HOOKS] [--exclude-module EXCLUDES]
                   [--splash IMAGE_FILE]
                   [-d {all,imports,bootloader,noarchive}] [--optimize LEVEL]
                   [--python-option PYTHON_OPTION] [-s] [--noupx]
                   [--upx-exclude FILE] [-c] [-w]
                   [--hide-console {minimize-late,hide-late,minimize-early,hide-early}]
                   [-i ...
2025-12-10 15:28:21,869 - ERROR - ❌ 打包失败!
2025-12-10 15:32:43,605 - INFO - === softHertz调试工具打包脚本 V2.0 ===
2025-12-10 15:32:43,606 - INFO - 发布日期: 2025-10-01
2025-12-10 15:32:43,815 - INFO - ✓ PyInstaller>=6.0.0 已安装
2025-12-10 15:32:43,818 - INFO - ✓ PyQt5>=5.15.0 已安装
2025-12-10 15:32:45,528 - INFO - ✓ pyqtgraph>=0.13.0 已安装
2025-12-10 15:32:45,535 - INFO - ✓ pyserial>=3.5 已安装
2025-12-10 15:32:45,536 - INFO - 开始清理旧的构建文件...
2025-12-10 15:32:45,536 - INFO - 清理完成
2025-12-10 15:32:45,536 - INFO - 执行打包命令: D:\pyqt5_env\Scripts\python.exe -m PyInstaller --noconfirm --onedir --windowed --name softHertzDebugTool --icon D:\1-project_upper\1.softHertz_upper\softHertz_upper\code\soft_hertz_logo_deepspace_blue_512.ico --add-data D:\1-project_upper\1.softHertz_upper\softHertz_upper\code\soft_hertz_logo_deepspace_blue_512.png;. --distpath D:\1-project_upper\1.softHertz_upper\softHertz_upper\dist --workpath D:\1-project_upper\1.softHertz_upper\softHertz_upper\build --no-hooks-dir --hidden-import serial --hidden-import PyQt5.QtCore --hidden-import PyQt5.QtGui --hidden-import PyQt5.QtWidgets --hidden-import pyqtgraph --hidden-import PyQt5.sip --hidden-import PyQt5.QtPrintSupport --hidden-import PyQt5.QtNetwork D:\1-project_upper\1.softHertz_upper\softHertz_upper\code\app.py
2025-12-10 15:32:45,538 - INFO - 开始打包 softHertzDebugTool V2.0...
2025-12-10 15:32:45,996 - ERROR - 打包失败! 耗时: 0.46秒
2025-12-10 15:32:45,996 - ERROR - 错误代码: 2
2025-12-10 15:32:45,997 - ERROR - 错误信息: usage: pyinstaller [-h] [-v] [-D] [-F] [--specpath DIR] [-n NAME]
                   [--contents-directory CONTENTS_DIRECTORY]
                   [--add-data SOURCE:DEST] [--add-binary SOURCE:DEST]
                   [-p DIR] [--hidden-import MODULENAME]
                   [--collect-submodules MODULENAME]
                   [--collect-data MODULENAME] [--collect-binaries MODULENAME]
                   [--collect-all MODULENAME] [--copy-metadata PACKAGENAME]
                   [--recursive-copy-metadata PACKAGENAME]
                   [--additional-hooks-dir HOOKSPATH]
                   [--runtime-hook RUNTIME_HOOKS] [--exclude-module EXCLUDES]
                   [--splash IMAGE_FILE]
                   [-d {all,imports,bootloader,noarchive}] [--optimize LEVEL]
                   [--python-option PYTHON_OPTION] [-s] [--noupx]
                   [--upx-exclude FILE] [-c] [-w]
                   [--hide-console {hide-early,minimize-early,hide-late,minimize-late}]
                   [-i ...
2025-12-10 15:32:45,999 - ERROR - ❌ 打包失败!
2025-12-10 15:34:08,428 - INFO - === softHertz调试工具打包脚本 V2.0 ===
2025-12-10 15:34:08,429 - INFO - 发布日期: 2025-10-01
2025-12-10 15:34:08,600 - INFO - ✓ PyInstaller>=6.0.0 已安装
2025-12-10 15:34:08,603 - INFO - ✓ PyQt5>=5.15.0 已安装
2025-12-10 15:34:08,880 - INFO - ✓ pyqtgraph>=0.13.0 已安装
2025-12-10 15:34:08,888 - INFO - ✓ pyserial>=3.5 已安装
2025-12-10 15:34:08,888 - INFO - 开始清理旧的构建文件...
2025-12-10 15:34:08,889 - INFO - 清理完成
2025-12-10 15:34:08,890 - INFO - 执行打包命令: D:\pyqt5_env\Scripts\python.exe -m PyInstaller --noconfirm --onedir --windowed --name softHertzDebugTool --icon D:\1-project_upper\1.softHertz_upper\softHertz_upper\code\soft_hertz_logo_deepspace_blue_512.ico --add-data D:\1-project_upper\1.softHertz_upper\softHertz_upper\code\soft_hertz_logo_deepspace_blue_512.png;. --distpath D:\1-project_upper\1.softHertz_upper\softHertz_upper\dist --workpath D:\1-project_upper\1.softHertz_upper\softHertz_upper\build --hidden-import serial --hidden-import PyQt5.QtCore --hidden-import PyQt5.QtGui --hidden-import PyQt5.QtWidgets --hidden-import pyqtgraph D:\1-project_upper\1.softHertz_upper\softHertz_upper\code\app.py
2025-12-10 15:34:08,891 - INFO - 开始打包 softHertzDebugTool V2.0...
2025-12-10 15:35:37,170 - INFO - 打包成功! 耗时: 88.28秒
2025-12-10 15:35:37,171 - INFO - 输出目录: D:\1-project_upper\1.softHertz_upper\softHertz_upper\dist
2025-12-10 15:35:37,171 - INFO - 可执行文件: D:\1-project_upper\1.softHertz_upper\softHertz_upper\dist\softHertzDebugTool.exe
2025-12-10 15:35:37,172 - INFO - ✅ 打包完成!
2025-12-10 15:35:37,172 - INFO - 可执行文件位置: D:\1-project_upper\1.softHertz_upper\softHertz_upper\dist\softHertzDebugTool.exe
2025-12-11 13:44:47,176 - INFO - === softHertz调试工具打包脚本 V2.0 ===
2025-12-11 13:44:47,177 - INFO - 发布日期: 2025-10-01
2025-12-11 13:44:47,633 - INFO - ✓ PyInstaller>=6.0.0 已安装
2025-12-11 13:44:47,639 - INFO - ✓ PyQt5>=5.15.0 已安装
2025-12-11 13:44:48,974 - INFO - ✓ pyqtgraph>=0.13.0 已安装
2025-12-11 13:44:48,985 - INFO - ✓ pyserial>=3.5 已安装
2025-12-11 13:44:48,985 - INFO - 开始清理旧的构建文件...
2025-12-11 13:44:48,985 - INFO - 删除构建目录: D:\1-project_upper\1.softHertz_upper\softHertz_upper\build
2025-12-11 13:44:48,990 - INFO - 删除输出目录: D:\1-project_upper\1.softHertz_upper\softHertz_upper\dist
2025-12-11 13:44:49,048 - INFO - 删除spec文件: D:\1-project_upper\1.softHertz_upper\softHertz_upper\softHertz调试工具.spec
2025-12-11 13:44:49,048 - INFO - 清理完成
2025-12-11 13:44:49,049 - INFO - 执行打包命令: C:\Users\徐亚彬\AppData\Local\Programs\Python\Python313\python.exe -m PyInstaller --noconfirm --onedir --windowed --name softHertz调试工具 --icon D:\1-project_upper\1.softHertz_upper\softHertz_upper\code\soft_hertz_logo_deepspace_blue_512.ico --add-data D:\1-project_upper\1.softHertz_upper\softHertz_upper\code\soft_hertz_logo_deepspace_blue_512.png;. --distpath D:\1-project_upper\1.softHertz_upper\softHertz_upper\dist --workpath D:\1-project_upper\1.softHertz_upper\softHertz_upper\build --hidden-import serial --hidden-import PyQt5.QtCore --hidden-import PyQt5.QtGui --hidden-import PyQt5.QtWidgets --hidden-import pyqtgraph D:\1-project_upper\1.softHertz_upper\softHertz_upper\code\app.py
2025-12-11 13:44:49,050 - INFO - 开始打包 softHertz调试工具 V2.0...
2025-12-11 13:45:06,244 - ERROR - 打包失败! 耗时: 17.19秒
2025-12-11 13:45:06,244 - ERROR - 错误代码: 1
2025-12-11 13:45:06,244 - ERROR - 错误信息: 742 INFO: PyInstaller: 6.14.1, contrib hooks: 2025.5
743 INFO: Python: 3.13.5
783 INFO: Platform: Windows-10-10.0.19045-SP0
783 INFO: Python environment: C:\Users\ÐìÑÇ±ò\AppData\Local\Programs\Python\Python313
784 INFO: wrote D:\1-project_upper\1.softHertz_upper\softHertz_upper\softHertzµ÷ÊÔ¹¤¾ß.spec
810 INFO: Module search paths (PYTHONPATH):
['D:\\1-project_upper\\1.softHertz_upper\\softHertz_upper',
 'C:\\Users\\ÐìÑÇ±ò\\AppData\\Local\\Programs\\Python\\Python313\\python313.zip',
 'C:\\Users\\ÐìÑÇ±ò\\AppData\\Local\\Programs\\Python\\Python313\\DLLs',
 'C:\\Users\\ÐìÑÇ±ò\\AppData\\Local\\Programs\\Python\\Python313\\Lib',
 'C:\\Users\\ÐìÑÇ±ò\\AppData\\Local\\Programs\\Python\\Python313',
 'C:\\Users\\ÐìÑÇ±ò\\AppData\\Local\\Programs\\Python\\Python313\\Lib\\site-packages',
 'C:\\Users\\ÐìÑÇ±ò\\AppData\\Local\\Programs\\Python\\Python313\\Lib\\site-packages\\setuptools\\_vendor',
 'D:\\1-project_upper\\1.softHertz_upper\\softHertz_upper\\code']
1757 INFO: Appending 'datas' from .spec...
2025-12-11 13:45:06,246 - ERROR - ❌ 打包失败!
2025-12-11 13:45:13,836 - INFO - === softHertz调试工具打包脚本 V2.0 ===
2025-12-11 13:45:13,837 - INFO - 发布日期: 2025-10-01
2025-12-11 13:45:14,005 - INFO - ✓ PyInstaller>=6.0.0 已安装
2025-12-11 13:45:14,009 - INFO - ✓ PyQt5>=5.15.0 已安装
2025-12-11 13:45:14,364 - INFO - ✓ pyqtgraph>=0.13.0 已安装
2025-12-11 13:45:14,372 - INFO - ✓ pyserial>=3.5 已安装
2025-12-11 13:45:14,372 - INFO - 开始清理旧的构建文件...
2025-12-11 13:45:14,372 - INFO - 删除构建目录: D:\1-project_upper\1.softHertz_upper\softHertz_upper\build
2025-12-11 13:45:14,373 - INFO - 删除输出目录: D:\1-project_upper\1.softHertz_upper\softHertz_upper\dist
2025-12-11 13:45:14,373 - INFO - 删除spec文件: D:\1-project_upper\1.softHertz_upper\softHertz_upper\softHertz调试工具.spec
2025-12-11 13:45:14,373 - INFO - 清理完成
2025-12-11 13:45:14,374 - INFO - 执行打包命令: C:\Users\徐亚彬\AppData\Local\Programs\Python\Python313\python.exe -m PyInstaller --noconfirm --onedir --windowed --name softHertz调试工具 --icon D:\1-project_upper\1.softHertz_upper\softHertz_upper\code\soft_hertz_logo_deepspace_blue_512.ico --add-data D:\1-project_upper\1.softHertz_upper\softHertz_upper\code\soft_hertz_logo_deepspace_blue_512.png;. --distpath D:\1-project_upper\1.softHertz_upper\softHertz_upper\dist --workpath D:\1-project_upper\1.softHertz_upper\softHertz_upper\build --hidden-import serial --hidden-import PyQt5.QtCore --hidden-import PyQt5.QtGui --hidden-import PyQt5.QtWidgets --hidden-import pyqtgraph D:\1-project_upper\1.softHertz_upper\softHertz_upper\code\app.py
2025-12-11 13:45:14,374 - INFO - 开始打包 softHertz调试工具 V2.0...
2025-12-11 13:45:26,041 - ERROR - 打包失败! 耗时: 11.67秒
2025-12-11 13:45:26,041 - ERROR - 错误代码: 1
2025-12-11 13:45:26,042 - ERROR - 错误信息: 328 INFO: PyInstaller: 6.14.1, contrib hooks: 2025.5
328 INFO: Python: 3.13.5
386 INFO: Platform: Windows-10-10.0.19045-SP0
386 INFO: Python environment: C:\Users\ÐìÑÇ±ò\AppData\Local\Programs\Python\Python313
387 INFO: wrote D:\1-project_upper\1.softHertz_upper\softHertz_upper\softHertzµ÷ÊÔ¹¤¾ß.spec
394 INFO: Module search paths (PYTHONPATH):
['D:\\1-project_upper\\1.softHertz_upper\\softHertz_upper',
 'C:\\Users\\ÐìÑÇ±ò\\AppData\\Local\\Programs\\Python\\Python313\\python313.zip',
 'C:\\Users\\ÐìÑÇ±ò\\AppData\\Local\\Programs\\Python\\Python313\\DLLs',
 'C:\\Users\\ÐìÑÇ±ò\\AppData\\Local\\Programs\\Python\\Python313\\Lib',
 'C:\\Users\\ÐìÑÇ±ò\\AppData\\Local\\Programs\\Python\\Python313',
 'C:\\Users\\ÐìÑÇ±ò\\AppData\\Local\\Programs\\Python\\Python313\\Lib\\site-packages',
 'C:\\Users\\ÐìÑÇ±ò\\AppData\\Local\\Programs\\Python\\Python313\\Lib\\site-packages\\setuptools\\_vendor',
 'D:\\1-project_upper\\1.softHertz_upper\\softHertz_upper\\code']
1123 INFO: Appending 'datas' from .spec...
2025-12-11 13:45:26,044 - ERROR - ❌ 打包失败!
2025-12-11 13:46:49,903 - INFO - === softHertz调试工具打包脚本 V2.0 ===
2025-12-11 13:46:49,904 - INFO - 发布日期: 2025-10-01
2025-12-11 13:46:50,084 - INFO - ✓ PyInstaller>=6.0.0 已安装
2025-12-11 13:46:50,088 - INFO - ✓ PyQt5>=5.15.0 已安装
2025-12-11 13:46:50,498 - INFO - ✓ pyqtgraph>=0.13.0 已安装
2025-12-11 13:46:50,505 - INFO - ✓ pyserial>=3.5 已安装
2025-12-11 13:46:50,506 - INFO - 开始清理旧的构建文件...
2025-12-11 13:46:50,506 - INFO - 删除构建目录: D:\1-project_upper\1.softHertz_upper\softHertz_upper\build
2025-12-11 13:46:50,507 - INFO - 删除输出目录: D:\1-project_upper\1.softHertz_upper\softHertz_upper\dist
2025-12-11 13:46:50,507 - INFO - 删除spec文件: D:\1-project_upper\1.softHertz_upper\softHertz_upper\softHertz调试工具.spec
2025-12-11 13:46:50,508 - INFO - 清理完成
2025-12-11 13:46:50,508 - INFO - 执行打包命令: C:\Users\徐亚彬\AppData\Local\Programs\Python\Python313\python.exe -m PyInstaller --noconfirm --onedir --windowed --name softHertzTemp --icon D:\1-project_upper\1.softHertz_upper\softHertz_upper\code\soft_hertz_logo_deepspace_blue_512.ico --add-data D:\1-project_upper\1.softHertz_upper\softHertz_upper\code\soft_hertz_logo_deepspace_blue_512.png;. --distpath D:\1-project_upper\1.softHertz_upper\softHertz_upper\dist --workpath D:\1-project_upper\1.softHertz_upper\softHertz_upper\build --hidden-import serial --hidden-import PyQt5.QtCore --hidden-import PyQt5.QtGui --hidden-import PyQt5.QtWidgets --hidden-import pyqtgraph D:\1-project_upper\1.softHertz_upper\softHertz_upper\code\app.py
2025-12-11 13:46:50,509 - INFO - 开始打包 softHertz调试工具 V2.0...
2025-12-11 13:47:01,562 - ERROR - 打包失败! 耗时: 11.05秒
2025-12-11 13:47:01,562 - ERROR - 错误代码: 1
2025-12-11 13:47:01,562 - ERROR - ❌ 打包失败!
2025-12-11 13:47:26,800 - INFO - === softHertz调试工具打包脚本 V2.0 ===
2025-12-11 13:47:26,801 - INFO - 发布日期: 2025-10-01
2025-12-11 13:47:27,007 - INFO - ✓ PyInstaller>=6.0.0 已安装
2025-12-11 13:47:27,011 - INFO - ✓ PyQt5>=5.15.0 已安装
2025-12-11 13:47:27,488 - INFO - ✓ pyqtgraph>=0.13.0 已安装
2025-12-11 13:47:27,504 - INFO - ✓ pyserial>=3.5 已安装
2025-12-11 13:47:27,504 - INFO - 开始清理旧的构建文件...
2025-12-11 13:47:27,505 - INFO - 删除构建目录: D:\1-project_upper\1.softHertz_upper\softHertz_upper\build
2025-12-11 13:47:27,506 - INFO - 删除输出目录: D:\1-project_upper\1.softHertz_upper\softHertz_upper\dist
2025-12-11 13:47:27,507 - INFO - 清理完成
2025-12-11 13:47:27,508 - INFO - 执行打包命令: C:\Users\徐亚彬\AppData\Local\Programs\Python\Python313\python.exe -m PyInstaller --noconfirm --onedir --windowed --name softHertzTemp --icon D:\1-project_upper\1.softHertz_upper\softHertz_upper\code\soft_hertz_logo_deepspace_blue_512.ico --add-data D:\1-project_upper\1.softHertz_upper\softHertz_upper\code\soft_hertz_logo_deepspace_blue_512.png;. --distpath D:\1-project_upper\1.softHertz_upper\softHertz_upper\dist --workpath D:\1-project_upper\1.softHertz_upper\softHertz_upper\build --hidden-import serial --hidden-import PyQt5.QtCore --hidden-import PyQt5.QtGui --hidden-import PyQt5.QtWidgets --hidden-import pyqtgraph D:\1-project_upper\1.softHertz_upper\softHertz_upper\code\app.py
2025-12-11 13:47:27,509 - INFO - 开始打包 softHertz调试工具 V2.0...
2025-12-11 13:47:39,587 - ERROR - 打包失败! 耗时: 12.08秒
2025-12-11 13:47:39,587 - ERROR - 错误代码: 1
2025-12-11 13:47:39,588 - ERROR - ❌ 打包失败!
2025-12-11 13:48:20,986 - INFO - === softHertz调试工具打包脚本 V2.0 ===
2025-12-11 13:48:20,986 - INFO - 发布日期: 2025-10-01
2025-12-11 13:48:21,166 - INFO - ✓ PyInstaller>=6.0.0 已安装
2025-12-11 13:48:21,169 - INFO - ✓ PyQt5>=5.15.0 已安装
2025-12-11 13:48:23,071 - INFO - ✓ pyqtgraph>=0.13.0 已安装
2025-12-11 13:48:23,081 - INFO - ✓ pyserial>=3.5 已安装
2025-12-11 13:48:23,081 - INFO - 开始清理旧的构建文件...
2025-12-11 13:48:23,081 - INFO - 删除构建目录: D:\1-project_upper\1.softHertz_upper\softHertz_upper\build
2025-12-11 13:48:23,083 - INFO - 删除输出目录: D:\1-project_upper\1.softHertz_upper\softHertz_upper\dist
2025-12-11 13:48:23,083 - INFO - 清理完成
2025-12-11 13:48:23,084 - INFO - 执行打包命令: D:\pyqt5_env\Scripts\python.exe -m PyInstaller --noconfirm --onedir --windowed --name softHertzTemp --icon D:\1-project_upper\1.softHertz_upper\softHertz_upper\code\soft_hertz_logo_deepspace_blue_512.ico --add-data D:\1-project_upper\1.softHertz_upper\softHertz_upper\code\soft_hertz_logo_deepspace_blue_512.png;. --distpath D:\1-project_upper\1.softHertz_upper\softHertz_upper\dist --workpath D:\1-project_upper\1.softHertz_upper\softHertz_upper\build --hidden-import serial --hidden-import PyQt5.QtCore --hidden-import PyQt5.QtGui --hidden-import PyQt5.QtWidgets --hidden-import pyqtgraph D:\1-project_upper\1.softHertz_upper\softHertz_upper\code\app.py
2025-12-11 13:48:23,085 - INFO - 开始打包 softHertz调试工具 V2.0...
2025-12-11 13:50:00,220 - INFO - 打包成功! 耗时: 97.13秒
2025-12-11 13:50:00,221 - INFO - 已将文件夹重命名为: softHertz调试工具
2025-12-11 13:50:00,221 - INFO - 输出目录: D:\1-project_upper\1.softHertz_upper\softHertz_upper\dist\softHertz调试工具
2025-12-11 13:50:00,222 - INFO - 可执行文件: D:\1-project_upper\1.softHertz_upper\softHertz_upper\dist\softHertz调试工具\softHertzTemp.exe
2025-12-11 13:50:00,223 - INFO - ✅ 打包完成!
2025-12-11 13:50:00,223 - INFO - 可执行文件位置: D:\1-project_upper\1.softHertz_upper\softHertz_upper\dist\softHertz调试工具.exe
2025-12-11 13:50:49,681 - INFO - === softHertz调试工具打包脚本 V2.0 ===
2025-12-11 13:50:49,681 - INFO - 发布日期: 2025-10-01
2025-12-11 13:50:49,916 - INFO - ✓ PyInstaller>=6.0.0 已安装
2025-12-11 13:50:49,923 - INFO - ✓ PyQt5>=5.15.0 已安装
2025-12-11 13:50:50,240 - INFO - ✓ pyqtgraph>=0.13.0 已安装
2025-12-11 13:50:50,251 - INFO - ✓ pyserial>=3.5 已安装
2025-12-11 13:50:50,251 - INFO - 开始清理旧的构建文件...
2025-12-11 13:50:50,252 - INFO - 删除构建目录: D:\1-project_upper\1.softHertz_upper\softHertz_upper\build
2025-12-11 13:50:50,256 - INFO - 删除输出目录: D:\1-project_upper\1.softHertz_upper\softHertz_upper\dist
2025-12-11 13:50:50,302 - INFO - 清理完成
2025-12-11 13:50:50,303 - INFO - 执行打包命令: D:\pyqt5_env\Scripts\python.exe -m PyInstaller --noconfirm --onedir --windowed --name softHertzTool --icon D:\1-project_upper\1.softHertz_upper\softHertz_upper\code\soft_hertz_logo_deepspace_blue_512.ico --add-data D:\1-project_upper\1.softHertz_upper\softHertz_upper\code\soft_hertz_logo_deepspace_blue_512.png;. --distpath D:\1-project_upper\1.softHertz_upper\softHertz_upper\dist --workpath D:\1-project_upper\1.softHertz_upper\softHertz_upper\build --hidden-import serial --hidden-import PyQt5.QtCore --hidden-import PyQt5.QtGui --hidden-import PyQt5.QtWidgets --hidden-import pyqtgraph D:\1-project_upper\1.softHertz_upper\softHertz_upper\code\app.py
2025-12-11 13:50:50,303 - INFO - 开始打包 softHertz调试工具 V2.0...
2025-12-11 13:52:10,690 - INFO - 打包成功! 耗时: 80.39秒
2025-12-11 13:52:10,691 - INFO - 已将文件夹重命名为: softHertz调试工具
2025-12-11 13:52:10,692 - INFO - 输出目录: D:\1-project_upper\1.softHertz_upper\softHertz_upper\dist\softHertz调试工具
2025-12-11 13:52:10,692 - INFO - 可执行文件: D:\1-project_upper\1.softHertz_upper\softHertz_upper\dist\softHertz调试工具\softHertzTool.exe
2025-12-11 13:52:10,693 - INFO - ✅ 打包完成!
2025-12-11 13:52:10,693 - INFO - 可执行文件位置: D:\1-project_upper\1.softHertz_upper\softHertz_upper\dist\softHertz调试工具.exe
2025-12-15 10:02:32,605 - INFO - === softHertz调试工具打包脚本 V2.0 ===
2025-12-15 10:02:32,605 - INFO - 发布日期: 2025-10-01
2025-12-15 10:02:32,859 - INFO - ✓ PyInstaller>=6.0.0 已安装
2025-12-15 10:02:32,864 - INFO - ✓ PyQt5>=5.15.0 已安装
2025-12-15 10:02:33,889 - INFO - ✓ pyqtgraph>=0.13.0 已安装
2025-12-15 10:02:33,902 - INFO - ✓ pyserial>=3.5 已安装
2025-12-15 10:02:33,902 - INFO - 开始清理旧的构建文件...
2025-12-15 10:02:33,903 - INFO - 删除构建目录: D:\1-project_upper\1.softHertz_upper\softHertz_upper\build
2025-12-15 10:02:33,909 - INFO - 删除输出目录: D:\1-project_upper\1.softHertz_upper\softHertz_upper\dist
2025-12-15 10:02:33,972 - INFO - 清理完成
2025-12-15 10:02:33,973 - INFO - 执行打包命令: C:\Users\徐亚彬\AppData\Local\Programs\Python\Python313\python.exe -m PyInstaller --noconfirm --onedir --windowed --name softHertzTool --icon D:\1-project_upper\1.softHertz_upper\softHertz_upper\code\soft_hertz_logo_deepspace_blue_512.ico --add-data D:\1-project_upper\1.softHertz_upper\softHertz_upper\code\soft_hertz_logo_deepspace_blue_512.png;. --distpath D:\1-project_upper\1.softHertz_upper\softHertz_upper\dist --workpath D:\1-project_upper\1.softHertz_upper\softHertz_upper\build --hidden-import serial --hidden-import PyQt5.QtCore --hidden-import PyQt5.QtGui --hidden-import PyQt5.QtWidgets --hidden-import pyqtgraph D:\1-project_upper\1.softHertz_upper\softHertz_upper\code\app.py
2025-12-15 10:02:33,973 - INFO - 开始打包 softHertz调试工具 V2.0...
2025-12-15 10:02:50,794 - ERROR - 打包失败! 耗时: 16.82秒
2025-12-15 10:02:50,795 - ERROR - 错误代码: 1
2025-12-15 10:02:50,795 - ERROR - ❌ 打包失败!
2025-12-15 10:03:34,927 - INFO - === softHertz调试工具打包脚本 V2.0 ===
2025-12-15 10:03:34,927 - INFO - 发布日期: 2025-10-01
2025-12-15 10:03:35,176 - INFO - ✓ PyInstaller>=6.0.0 已安装
2025-12-15 10:03:35,179 - INFO - ✓ PyQt5>=5.15.0 已安装
2025-12-15 10:03:36,754 - INFO - ✓ pyqtgraph>=0.13.0 已安装
2025-12-15 10:03:36,762 - INFO - ✓ pyserial>=3.5 已安装
2025-12-15 10:03:36,763 - INFO - 开始清理旧的构建文件...
2025-12-15 10:03:36,763 - INFO - 删除构建目录: D:\1-project_upper\1.softHertz_upper\softHertz_upper\build
2025-12-15 10:03:36,765 - INFO - 删除输出目录: D:\1-project_upper\1.softHertz_upper\softHertz_upper\dist
2025-12-15 10:03:36,766 - INFO - 清理完成
2025-12-15 10:03:36,767 - INFO - 执行打包命令: D:\pyqt5_env\Scripts\python.exe -m PyInstaller --noconfirm --onedir --windowed --name softHertzTool --icon D:\1-project_upper\1.softHertz_upper\softHertz_upper\code\soft_hertz_logo_deepspace_blue_512.ico --add-data D:\1-project_upper\1.softHertz_upper\softHertz_upper\code\soft_hertz_logo_deepspace_blue_512.png;. --distpath D:\1-project_upper\1.softHertz_upper\softHertz_upper\dist --workpath D:\1-project_upper\1.softHertz_upper\softHertz_upper\build --hidden-import serial --hidden-import PyQt5.QtCore --hidden-import PyQt5.QtGui --hidden-import PyQt5.QtWidgets --hidden-import pyqtgraph D:\1-project_upper\1.softHertz_upper\softHertz_upper\code\app.py
2025-12-15 10:03:36,768 - INFO - 开始打包 softHertz调试工具 V2.0...
2025-12-15 10:05:09,157 - INFO - 打包成功! 耗时: 92.39秒
2025-12-15 10:05:09,158 - INFO - 已将文件夹重命名为: softHertz调试工具
2025-12-15 10:05:09,158 - INFO - 输出目录: D:\1-project_upper\1.softHertz_upper\softHertz_upper\dist\softHertz调试工具
2025-12-15 10:05:09,159 - INFO - 可执行文件: D:\1-project_upper\1.softHertz_upper\softHertz_upper\dist\softHertz调试工具\softHertzTool.exe
2025-12-15 10:05:09,159 - INFO - ✅ 打包完成!
2025-12-15 10:05:09,159 - INFO - 可执行文件位置: D:\1-project_upper\1.softHertz_upper\softHertz_upper\dist\softHertz调试工具.exe
2026-01-07 19:07:32,838 - INFO - === softHertz调试工具打包脚本 V2.0 ===
2026-01-07 19:07:32,839 - INFO - 发布日期: 2025-10-01
2026-01-07 19:07:33,045 - INFO - ✓ PyInstaller>=6.0.0 已安装
2026-01-07 19:07:33,050 - INFO - ✓ PyQt5>=5.15.0 已安装
2026-01-07 19:07:33,412 - INFO - ✓ pyqtgraph>=0.13.0 已安装
2026-01-07 19:07:33,418 - INFO - ✓ pyserial>=3.5 已安装
2026-01-07 19:07:33,418 - INFO - 开始清理旧的构建文件...
2026-01-07 19:07:33,419 - INFO - 删除构建目录: D:\1-project_upper\1.softHertz_upper\softHertz_upper\build
2026-01-07 19:07:33,421 - INFO - 删除输出目录: D:\1-project_upper\1.softHertz_upper\softHertz_upper\dist
2026-01-07 19:07:33,617 - INFO - 清理完成
2026-01-07 19:07:33,618 - INFO - 执行打包命令: C:\Users\徐亚彬\AppData\Local\Programs\Python\Python313\python.exe -m PyInstaller --noconfirm --onedir --windowed --name softHertzTool --icon D:\1-project_upper\1.softHertz_upper\softHertz_upper\code\soft_hertz_logo_deepspace_blue_512.ico --add-data D:\1-project_upper\1.softHertz_upper\softHertz_upper\code\soft_hertz_logo_deepspace_blue_512.png;. --distpath D:\1-project_upper\1.softHertz_upper\softHertz_upper\dist --workpath D:\1-project_upper\1.softHertz_upper\softHertz_upper\build --hidden-import serial --hidden-import PyQt5.QtCore --hidden-import PyQt5.QtGui --hidden-import PyQt5.QtWidgets --hidden-import pyqtgraph D:\1-project_upper\1.softHertz_upper\softHertz_upper\code\app.py
2026-01-07 19:07:33,618 - INFO - 开始打包 softHertz调试工具 V2.0...
2026-01-07 19:07:51,764 - ERROR - 打包失败! 耗时: 18.15秒
2026-01-07 19:07:51,764 - ERROR - 错误代码: 1
2026-01-07 19:07:51,765 - ERROR - ❌ 打包失败!
